../Drivers/STM32WLxx_HAL_Driver/Inc/stm32wlxx_ll_bus.h:449:22:LL_AHB2_GRP1_EnableClock	24	static
../Core/Src/main.c:78:5:main	16	static
../Core/Src/main.c:133:6:SystemClock_Config	112	static
../Core/Src/main.c:176:13:MX_I2C1_Init	8	static
../Core/Src/main.c:224:13:MX_I2C2_Init	8	static
../Core/Src/main.c:272:13:MX_I2C3_Init	8	static
../Core/Src/main.c:320:13:MX_SPI1_Init	8	static
../Core/Src/main.c:360:13:MX_USART1_UART_Init	8	static
../Core/Src/main.c:408:13:MX_GPIO_Init	32	static
../Core/Src/main.c:461:6:Error_Handler	4	static,ignoring_inline_asm
